// Jest Snapshot v1, https://goo.gl/fbAQLP

exports[`Concert component shows all the data 1`] = `
<div>
  <ul>
    <li>
      <a
        href="/contact"
      >
        contact
      </a>
    </li>
    <li>
      <a
        href="/"
      >
        homepage
      </a>
    </li>
    <li>
      <button
        type="button"
      >
        level 1
      </button>
    </li>
  </ul>
</div>
`;
